// Jest Snapshot v1, https://goo.gl/fbAQLP

exports[`renders correctly 1`] = `
<div>
  <form
    onSubmit={[Function]}
  >
    <input
      className="search title"
      onChange={[Function]}
      placeholder="type movie title here"
      type="text"
    />
    <ul
      className="suggestions"
    />
  </form>
  <p>
    Total search results: 
  </p>
</div>
`;
